// Jest Snapshot v1, https://goo.gl/fbAQLP

exports[`<TaskComponent /> renders correctly 1`] = `
<View
  style={
    Object {
      "flex": 1,
    }
  }
>
  <View
    style={
      Object {
        "paddingHorizontal": 40,
        "paddingTop": 120,
      }
    }
  >
    <Text
      style={
        Object {
          "fontSize": 24,
          "fontWeight": "bold",
        }
      }
    >
      Todo List
    </Text>
    <View
      style={Object {}}
    />
  </View>
  <View
    onLayout={[Function]}
    style={
      Array [
        Object {
          "alignItems": "center",
          "bottom": 30,
          "flexDirection": "row",
          "justifyContent": "space-around",
          "paddingHorizontal": 35,
          "position": "absolute",
          "width": "100%",
        },
        Object {
          "paddingBottom": 0,
        },
      ]
    }
  >
    <TextInput
      allowFontScaling={true}
      onChangeText={[Function]}
      placeholder="Enter new task"
      rejectResponderTermination={true}
      style={
        Object {
          "backgroundColor": "#ffffff",
          "borderColor": "#0068f2",
          "borderRadius": 60,
          "borderWidth": 1,
          "paddingHorizontal": 15,
          "paddingVertical": 15,
          "width": 250,
        }
      }
      underlineColorAndroid="transparent"
      value=""
    />
    <View
      accessible={true}
      focusable={true}
      onClick={[Function]}
      onResponderGrant={[Function]}
      onResponderMove={[Function]}
      onResponderRelease={[Function]}
      onResponderTerminate={[Function]}
      onResponderTerminationRequest={[Function]}
      onStartShouldSetResponder={[Function]}
      style={
        Object {
          "opacity": 1,
        }
      }
      testID="addTask"
    >
      <Text />
    </View>
  </View>
</View>
`;
